[6509107.wixsite.com/website.html]
[6509107.wixsite.com/t.1.delayed]
[6509107.wixsite.com/index.html]
[6509107.wixsite.com/e.2.delayed]
[backblue.gif]
[fade.gif]
[index.html]
[6509107.wixsite.com/website/blog-feed.xml]
[6509107.wixsite.com/website/privacy.html]
[6509107.wixsite.com/window.location.5.delayed]
[6509107.wixsite.com/sitemap.6.delayed]
[6509107.wixsite.com/envelope/index.html]
[6509107.wixsite.com/api/index.html]
[6509107.wixsite.com/feed.7.delayed]
[6509107.wixsite.com/decodeURIComponent(e.8.delayed]
[6509107.wixsite.com/website.html]
[6509107.wixsite.com/index.html]
[6509107.wixsite.com/t.html]
[6509107.wixsite.com/e.html]
[6509107.wixsite.com/website/t.9.delayed]
[6509107.wixsite.com/website/e.a.delayed]
[6509107.wixsite.com/website/window.location.b.delayed]
[6509107.wixsite.com/website/robots.c.delayed]
[6509107.wixsite.com/website/sitemap.xml]
[6509107.wixsite.com/website/feed.e.delayed]
[6509107.wixsite.com/website/decodeURIComponent(e.f.delayed]
[6509107.wixsite.com/website/privacy.html]
[6509107.wixsite.com/window.location.html]
[6509107.wixsite.com/api/index.html]
[6509107.wixsite.com/envelope/index.html]
[6509107.wixsite.com/sitemap.html]
[6509107.wixsite.com/feed.html]
[6509107.wixsite.com/decodeURIComponent(e.html]
[6509107.wixsite.com/website/t.html]
[6509107.wixsite.com/website/e.html]
[6509107.wixsite.com/website/window.location.html]
[6509107.wixsite.com/website/robots.html]
[6509107.wixsite.com/website/feed.html]
[6509107.wixsite.com/website/decodeURIComponent(e.html]
